[backblue.gif]
[fade.gif]
[index.html]
[pds.twi.tudelft.nl/vakken/in101/labcourse/instruction-set/index.html]
[pds.twi.tudelft.nl/vakken/in101/labcourse/instruction-set/background.jpg]
[pds.twi.tudelft.nl/vakken/in101/labcourse/instruction-set/add.gif]
[pds.twi.tudelft.nl/vakken/in101/labcourse/instruction-set/add.html]
[pds.twi.tudelft.nl/vakken/in101/labcourse/instruction-set/addc.gif]
[pds.twi.tudelft.nl/vakken/in101/labcourse/instruction-set/addc.html]
[pds.twi.tudelft.nl/vakken/in101/labcourse/instruction-set/adde.gif]
[pds.twi.tudelft.nl/vakken/in101/labcourse/instruction-set/adde.html]
[pds.twi.tudelft.nl/vakken/in101/labcourse/instruction-set/addi.gif]
[pds.twi.tudelft.nl/vakken/in101/labcourse/instruction-set/addi.html]
[pds.twi.tudelft.nl/vakken/in101/labcourse/instruction-set/addic.gif]
[pds.twi.tudelft.nl/vakken/in101/labcourse/instruction-set/addic.html]
[pds.twi.tudelft.nl/vakken/in101/labcourse/instruction-set/addic-dot.gif]
[pds.twi.tudelft.nl/vakken/in101/labcourse/instruction-set/addic-dot.html]
[pds.twi.tudelft.nl/vakken/in101/labcourse/instruction-set/addis.gif]
[pds.twi.tudelft.nl/vakken/in101/labcourse/instruction-set/addis.html]
[pds.twi.tudelft.nl/vakken/in101/labcourse/instruction-set/addme.gif]
[pds.twi.tudelft.nl/vakken/in101/labcourse/instruction-set/addme.html]
[pds.twi.tudelft.nl/vakken/in101/labcourse/instruction-set/addze.gif]
[pds.twi.tudelft.nl/vakken/in101/labcourse/instruction-set/addze.html]
[pds.twi.tudelft.nl/vakken/in101/labcourse/instruction-set/and.gif]
[pds.twi.tudelft.nl/vakken/in101/labcourse/instruction-set/and.html]
[pds.twi.tudelft.nl/vakken/in101/labcourse/instruction-set/andc.gif]
[pds.twi.tudelft.nl/vakken/in101/labcourse/instruction-set/andc.html]
[pds.twi.tudelft.nl/vakken/in101/labcourse/instruction-set/andi-dot.gif]
[pds.twi.tudelft.nl/vakken/in101/labcourse/instruction-set/andi-dot.html]
[pds.twi.tudelft.nl/vakken/in101/labcourse/instruction-set/andis-dot.gif]
[pds.twi.tudelft.nl/vakken/in101/labcourse/instruction-set/andis-dot.html]
[pds.twi.tudelft.nl/vakken/in101/labcourse/instruction-set/b.gif]
[pds.twi.tudelft.nl/vakken/in101/labcourse/instruction-set/b.html]
[pds.twi.tudelft.nl/vakken/in101/labcourse/instruction-set/bc-1.gif]
[pds.twi.tudelft.nl/vakken/in101/labcourse/instruction-set/bc-2.gif]
[pds.twi.tudelft.nl/vakken/in101/labcourse/instruction-set/bc.html]
[pds.twi.tudelft.nl/vakken/in101/labcourse/instruction-set/bcctr-1.gif]
[pds.twi.tudelft.nl/vakken/in101/labcourse/instruction-set/bcctr-2.gif]
[pds.twi.tudelft.nl/vakken/in101/labcourse/instruction-set/bcctr.html]
[pds.twi.tudelft.nl/vakken/in101/labcourse/instruction-set/bclr-1.gif]
[pds.twi.tudelft.nl/vakken/in101/labcourse/instruction-set/bclr-2.gif]
[pds.twi.tudelft.nl/vakken/in101/labcourse/instruction-set/bclr.html]
[pds.twi.tudelft.nl/vakken/in101/labcourse/instruction-set/cmp.gif]
[pds.twi.tudelft.nl/vakken/in101/labcourse/instruction-set/cmp.html]
[pds.twi.tudelft.nl/vakken/in101/labcourse/instruction-set/cmpi.gif]
[pds.twi.tudelft.nl/vakken/in101/labcourse/instruction-set/cmpi.html]
[pds.twi.tudelft.nl/vakken/in101/labcourse/instruction-set/cmpl.gif]
[pds.twi.tudelft.nl/vakken/in101/labcourse/instruction-set/cmpl.html]
[pds.twi.tudelft.nl/vakken/in101/labcourse/instruction-set/cmpli.gif]
[pds.twi.tudelft.nl/vakken/in101/labcourse/instruction-set/cmpli.html]
[pds.twi.tudelft.nl/vakken/in101/labcourse/instruction-set/cntlzw.gif]
[pds.twi.tudelft.nl/vakken/in101/labcourse/instruction-set/cntlzw.html]
[pds.twi.tudelft.nl/vakken/in101/labcourse/instruction-set/crand.gif]
[pds.twi.tudelft.nl/vakken/in101/labcourse/instruction-set/crand.html]
[pds.twi.tudelft.nl/vakken/in101/labcourse/instruction-set/crandc.gif]
[pds.twi.tudelft.nl/vakken/in101/labcourse/instruction-set/crandc.html]
[pds.twi.tudelft.nl/vakken/in101/labcourse/instruction-set/creqv.gif]
[pds.twi.tudelft.nl/vakken/in101/labcourse/instruction-set/creqv.html]
[pds.twi.tudelft.nl/vakken/in101/labcourse/instruction-set/crnand.gif]
[pds.twi.tudelft.nl/vakken/in101/labcourse/instruction-set/crnand.html]
[pds.twi.tudelft.nl/vakken/in101/labcourse/instruction-set/crnor.gif]
[pds.twi.tudelft.nl/vakken/in101/labcourse/instruction-set/crnor.html]
[pds.twi.tudelft.nl/vakken/in101/labcourse/instruction-set/cror.gif]
[pds.twi.tudelft.nl/vakken/in101/labcourse/instruction-set/cror.html]
[pds.twi.tudelft.nl/vakken/in101/labcourse/instruction-set/crorc.gif]
[pds.twi.tudelft.nl/vakken/in101/labcourse/instruction-set/crorc.html]
[pds.twi.tudelft.nl/vakken/in101/labcourse/instruction-set/crxor.gif]
[pds.twi.tudelft.nl/vakken/in101/labcourse/instruction-set/crxor.html]
[pds.twi.tudelft.nl/vakken/in101/labcourse/instruction-set/divw-1.gif]
[pds.twi.tudelft.nl/vakken/in101/labcourse/instruction-set/divw-2.gif]
[pds.twi.tudelft.nl/vakken/in101/labcourse/instruction-set/divw.html]
[pds.twi.tudelft.nl/vakken/in101/labcourse/instruction-set/divwu-1.gif]
[pds.twi.tudelft.nl/vakken/in101/labcourse/instruction-set/divwu-2.gif]
[pds.twi.tudelft.nl/vakken/in101/labcourse/instruction-set/divwu.html]
[pds.twi.tudelft.nl/vakken/in101/labcourse/instruction-set/eqv.gif]
[pds.twi.tudelft.nl/vakken/in101/labcourse/instruction-set/eqv.html]
[pds.twi.tudelft.nl/vakken/in101/labcourse/instruction-set/extsb.gif]
[pds.twi.tudelft.nl/vakken/in101/labcourse/instruction-set/extsb.html]
[pds.twi.tudelft.nl/vakken/in101/labcourse/instruction-set/extsh.gif]
[pds.twi.tudelft.nl/vakken/in101/labcourse/instruction-set/extsh.html]
[pds.twi.tudelft.nl/vakken/in101/labcourse/instruction-set/lbz.gif]
[pds.twi.tudelft.nl/vakken/in101/labcourse/instruction-set/lbz.html]
[pds.twi.tudelft.nl/vakken/in101/labcourse/instruction-set/lbzu.gif]
[pds.twi.tudelft.nl/vakken/in101/labcourse/instruction-set/lbzu.html]
[pds.twi.tudelft.nl/vakken/in101/labcourse/instruction-set/lbzux.gif]
[pds.twi.tudelft.nl/vakken/in101/labcourse/instruction-set/lbzux.html]
[pds.twi.tudelft.nl/vakken/in101/labcourse/instruction-set/lbzx.gif]
[pds.twi.tudelft.nl/vakken/in101/labcourse/instruction-set/lbzx.html]
[pds.twi.tudelft.nl/vakken/in101/labcourse/instruction-set/lha.gif]
[pds.twi.tudelft.nl/vakken/in101/labcourse/instruction-set/lha.html]
[pds.twi.tudelft.nl/vakken/in101/labcourse/instruction-set/lhau.gif]
[pds.twi.tudelft.nl/vakken/in101/labcourse/instruction-set/lhau.html]
[pds.twi.tudelft.nl/vakken/in101/labcourse/instruction-set/lhaux.gif]
[pds.twi.tudelft.nl/vakken/in101/labcourse/instruction-set/lhaux.html]
[pds.twi.tudelft.nl/vakken/in101/labcourse/instruction-set/lhax.gif]
[pds.twi.tudelft.nl/vakken/in101/labcourse/instruction-set/lhax.html]
[pds.twi.tudelft.nl/vakken/in101/labcourse/instruction-set/lhbrx.gif]
[pds.twi.tudelft.nl/vakken/in101/labcourse/instruction-set/lhbrx.html]
[pds.twi.tudelft.nl/vakken/in101/labcourse/instruction-set/lhz.gif]
[pds.twi.tudelft.nl/vakken/in101/labcourse/instruction-set/lhz.html]
[pds.twi.tudelft.nl/vakken/in101/labcourse/instruction-set/lhzu.gif]
[pds.twi.tudelft.nl/vakken/in101/labcourse/instruction-set/lhzu.html]
[pds.twi.tudelft.nl/vakken/in101/labcourse/instruction-set/lhzux.gif]
[pds.twi.tudelft.nl/vakken/in101/labcourse/instruction-set/lhzux.html]
[pds.twi.tudelft.nl/vakken/in101/labcourse/instruction-set/lhzx.gif]
[pds.twi.tudelft.nl/vakken/in101/labcourse/instruction-set/lhzx.html]
[pds.twi.tudelft.nl/vakken/in101/labcourse/instruction-set/lmw.gif]
[pds.twi.tudelft.nl/vakken/in101/labcourse/instruction-set/lmw.html]
[pds.twi.tudelft.nl/vakken/in101/labcourse/instruction-set/lswi-1.gif]
[pds.twi.tudelft.nl/vakken/in101/labcourse/instruction-set/lswi-2.gif]
[pds.twi.tudelft.nl/vakken/in101/labcourse/instruction-set/lswi.html]
[pds.twi.tudelft.nl/vakken/in101/labcourse/instruction-set/lswx-1.gif]
[pds.twi.tudelft.nl/vakken/in101/labcourse/instruction-set/lswx-2.gif]
[pds.twi.tudelft.nl/vakken/in101/labcourse/instruction-set/lswx.html]
[pds.twi.tudelft.nl/vakken/in101/labcourse/instruction-set/lwbrx.gif]
[pds.twi.tudelft.nl/vakken/in101/labcourse/instruction-set/lwbrx.html]
[pds.twi.tudelft.nl/vakken/in101/labcourse/instruction-set/lwz.gif]
[pds.twi.tudelft.nl/vakken/in101/labcourse/instruction-set/lwz.html]
[pds.twi.tudelft.nl/vakken/in101/labcourse/instruction-set/lwzu.gif]
[pds.twi.tudelft.nl/vakken/in101/labcourse/instruction-set/lwzu.html]
[pds.twi.tudelft.nl/vakken/in101/labcourse/instruction-set/lwzux.gif]
[pds.twi.tudelft.nl/vakken/in101/labcourse/instruction-set/lwzux.html]
[pds.twi.tudelft.nl/vakken/in101/labcourse/instruction-set/lwzx.gif]
[pds.twi.tudelft.nl/vakken/in101/labcourse/instruction-set/lwzx.html]
[pds.twi.tudelft.nl/vakken/in101/labcourse/instruction-set/mcrf.gif]
[pds.twi.tudelft.nl/vakken/in101/labcourse/instruction-set/mcrf.html]
[pds.twi.tudelft.nl/vakken/in101/labcourse/instruction-set/mcrxr.gif]
[pds.twi.tudelft.nl/vakken/in101/labcourse/instruction-set/mcrxr.html]
[pds.twi.tudelft.nl/vakken/in101/labcourse/instruction-set/mfcr.gif]
[pds.twi.tudelft.nl/vakken/in101/labcourse/instruction-set/mfcr.html]
[pds.twi.tudelft.nl/vakken/in101/labcourse/instruction-set/mfspr-1.gif]
[pds.twi.tudelft.nl/vakken/in101/labcourse/instruction-set/mfspr-2.gif]
[pds.twi.tudelft.nl/vakken/in101/labcourse/instruction-set/mfspr-3.gif]
[pds.twi.tudelft.nl/vakken/in101/labcourse/instruction-set/mfspr.html]
[pds.twi.tudelft.nl/vakken/in101/labcourse/instruction-set/mftb-1.gif]
[pds.twi.tudelft.nl/vakken/in101/labcourse/instruction-set/mftb-2.gif]
[pds.twi.tudelft.nl/vakken/in101/labcourse/instruction-set/mftb.html]
[pds.twi.tudelft.nl/vakken/in101/labcourse/instruction-set/mtcrf.gif]
[pds.twi.tudelft.nl/vakken/in101/labcourse/instruction-set/mtcrf.html]
[pds.twi.tudelft.nl/vakken/in101/labcourse/instruction-set/mtspr-1.gif]
[pds.twi.tudelft.nl/vakken/in101/labcourse/instruction-set/mtspr-2.gif]
[pds.twi.tudelft.nl/vakken/in101/labcourse/instruction-set/mtspr-3.gif]
[pds.twi.tudelft.nl/vakken/in101/labcourse/instruction-set/mtspr.html]
[pds.twi.tudelft.nl/vakken/in101/labcourse/instruction-set/mulhw.gif]
[pds.twi.tudelft.nl/vakken/in101/labcourse/instruction-set/mulhw.html]
[pds.twi.tudelft.nl/vakken/in101/labcourse/instruction-set/mulhwu.gif]
[pds.twi.tudelft.nl/vakken/in101/labcourse/instruction-set/mulhwu.html]
[pds.twi.tudelft.nl/vakken/in101/labcourse/instruction-set/mulli.gif]
[pds.twi.tudelft.nl/vakken/in101/labcourse/instruction-set/mulli.html]
[pds.twi.tudelft.nl/vakken/in101/labcourse/instruction-set/mullw.gif]
[pds.twi.tudelft.nl/vakken/in101/labcourse/instruction-set/mullw.html]
[pds.twi.tudelft.nl/vakken/in101/labcourse/instruction-set/nand.gif]
[pds.twi.tudelft.nl/vakken/in101/labcourse/instruction-set/nand.html]
[pds.twi.tudelft.nl/vakken/in101/labcourse/instruction-set/neg.gif]
[pds.twi.tudelft.nl/vakken/in101/labcourse/instruction-set/neg.html]
[pds.twi.tudelft.nl/vakken/in101/labcourse/instruction-set/nor.gif]
[pds.twi.tudelft.nl/vakken/in101/labcourse/instruction-set/nor.html]
[pds.twi.tudelft.nl/vakken/in101/labcourse/instruction-set/or.gif]
[pds.twi.tudelft.nl/vakken/in101/labcourse/instruction-set/or.html]
[pds.twi.tudelft.nl/vakken/in101/labcourse/instruction-set/orc.gif]
[pds.twi.tudelft.nl/vakken/in101/labcourse/instruction-set/orc.html]
[pds.twi.tudelft.nl/vakken/in101/labcourse/instruction-set/ori.gif]
[pds.twi.tudelft.nl/vakken/in101/labcourse/instruction-set/ori.html]
[pds.twi.tudelft.nl/vakken/in101/labcourse/instruction-set/oris.gif]
[pds.twi.tudelft.nl/vakken/in101/labcourse/instruction-set/oris.html]
[pds.twi.tudelft.nl/vakken/in101/labcourse/instruction-set/rlwimi.gif]
[pds.twi.tudelft.nl/vakken/in101/labcourse/instruction-set/rlwimi.html]
[pds.twi.tudelft.nl/vakken/in101/labcourse/instruction-set/rlwinm-1.gif]
[pds.twi.tudelft.nl/vakken/in101/labcourse/instruction-set/rlwinm-2.gif]
[pds.twi.tudelft.nl/vakken/in101/labcourse/instruction-set/rlwinm.html]
[pds.twi.tudelft.nl/vakken/in101/labcourse/instruction-set/rlwnm.gif]
[pds.twi.tudelft.nl/vakken/in101/labcourse/instruction-set/rlwnm.html]
[pds.twi.tudelft.nl/vakken/in101/labcourse/instruction-set/slw.gif]
[pds.twi.tudelft.nl/vakken/in101/labcourse/instruction-set/slw.html]
[pds.twi.tudelft.nl/vakken/in101/labcourse/instruction-set/sraw.gif]
[pds.twi.tudelft.nl/vakken/in101/labcourse/instruction-set/sraw.html]
[pds.twi.tudelft.nl/vakken/in101/labcourse/instruction-set/srawi.gif]
[pds.twi.tudelft.nl/vakken/in101/labcourse/instruction-set/srawi.html]
[pds.twi.tudelft.nl/vakken/in101/labcourse/instruction-set/srw.gif]
[pds.twi.tudelft.nl/vakken/in101/labcourse/instruction-set/srw.html]
[pds.twi.tudelft.nl/vakken/in101/labcourse/instruction-set/stb.gif]
[pds.twi.tudelft.nl/vakken/in101/labcourse/instruction-set/stb.html]
[pds.twi.tudelft.nl/vakken/in101/labcourse/instruction-set/stbu.gif]
[pds.twi.tudelft.nl/vakken/in101/labcourse/instruction-set/stbu.html]
[pds.twi.tudelft.nl/vakken/in101/labcourse/instruction-set/stbux.gif]
[pds.twi.tudelft.nl/vakken/in101/labcourse/instruction-set/stbux.html]
[pds.twi.tudelft.nl/vakken/in101/labcourse/instruction-set/stbx.gif]
[pds.twi.tudelft.nl/vakken/in101/labcourse/instruction-set/stbx.html]
[pds.twi.tudelft.nl/vakken/in101/labcourse/instruction-set/sth.gif]
[pds.twi.tudelft.nl/vakken/in101/labcourse/instruction-set/sth.html]
[pds.twi.tudelft.nl/vakken/in101/labcourse/instruction-set/sthbrx.gif]
[pds.twi.tudelft.nl/vakken/in101/labcourse/instruction-set/sthbrx.html]
[pds.twi.tudelft.nl/vakken/in101/labcourse/instruction-set/sthu.gif]
[pds.twi.tudelft.nl/vakken/in101/labcourse/instruction-set/sthu.html]
[pds.twi.tudelft.nl/vakken/in101/labcourse/instruction-set/sthux.gif]
[pds.twi.tudelft.nl/vakken/in101/labcourse/instruction-set/sthux.html]
[pds.twi.tudelft.nl/vakken/in101/labcourse/instruction-set/sthx.gif]
[pds.twi.tudelft.nl/vakken/in101/labcourse/instruction-set/sthx.html]
[pds.twi.tudelft.nl/vakken/in101/labcourse/instruction-set/stmw.gif]
[pds.twi.tudelft.nl/vakken/in101/labcourse/instruction-set/stmw.html]
[pds.twi.tudelft.nl/vakken/in101/labcourse/instruction-set/stswi.gif]
[pds.twi.tudelft.nl/vakken/in101/labcourse/instruction-set/stswi.html]
[pds.twi.tudelft.nl/vakken/in101/labcourse/instruction-set/stswx.gif]
[pds.twi.tudelft.nl/vakken/in101/labcourse/instruction-set/stswx.html]
[pds.twi.tudelft.nl/vakken/in101/labcourse/instruction-set/stw.gif]
[pds.twi.tudelft.nl/vakken/in101/labcourse/instruction-set/stw.html]
[pds.twi.tudelft.nl/vakken/in101/labcourse/instruction-set/stwbrx.gif]
[pds.twi.tudelft.nl/vakken/in101/labcourse/instruction-set/stwbrx.html]
[pds.twi.tudelft.nl/vakken/in101/labcourse/instruction-set/stwu.gif]
[pds.twi.tudelft.nl/vakken/in101/labcourse/instruction-set/stwu.html]
[pds.twi.tudelft.nl/vakken/in101/labcourse/instruction-set/stwux.gif]
[pds.twi.tudelft.nl/vakken/in101/labcourse/instruction-set/stwux.html]
[pds.twi.tudelft.nl/vakken/in101/labcourse/instruction-set/stwx.gif]
[pds.twi.tudelft.nl/vakken/in101/labcourse/instruction-set/stwx.html]
[pds.twi.tudelft.nl/vakken/in101/labcourse/instruction-set/subf.gif]
[pds.twi.tudelft.nl/vakken/in101/labcourse/instruction-set/subf.html]
[pds.twi.tudelft.nl/vakken/in101/labcourse/instruction-set/subfc.gif]
[pds.twi.tudelft.nl/vakken/in101/labcourse/instruction-set/subfc.html]
[pds.twi.tudelft.nl/vakken/in101/labcourse/instruction-set/subfe.gif]
[pds.twi.tudelft.nl/vakken/in101/labcourse/instruction-set/subfe.html]
[pds.twi.tudelft.nl/vakken/in101/labcourse/instruction-set/subfic.gif]
[pds.twi.tudelft.nl/vakken/in101/labcourse/instruction-set/subfic.html]
[pds.twi.tudelft.nl/vakken/in101/labcourse/instruction-set/subfme.gif]
[pds.twi.tudelft.nl/vakken/in101/labcourse/instruction-set/subfme.html]
[pds.twi.tudelft.nl/vakken/in101/labcourse/instruction-set/subfze.gif]
[pds.twi.tudelft.nl/vakken/in101/labcourse/instruction-set/subfze.html]
[pds.twi.tudelft.nl/vakken/in101/labcourse/instruction-set/xor.gif]
[pds.twi.tudelft.nl/vakken/in101/labcourse/instruction-set/xor.html]
[pds.twi.tudelft.nl/vakken/in101/labcourse/instruction-set/xori.gif]
[pds.twi.tudelft.nl/vakken/in101/labcourse/instruction-set/xori.html]
[pds.twi.tudelft.nl/vakken/in101/labcourse/instruction-set/xoris.gif]
[pds.twi.tudelft.nl/vakken/in101/labcourse/instruction-set/xoris.html]
