[backblue.gif]
[fade.gif]
[index.html]
[pds.twi.tudelft.nl/vakken/in101/labcourse/instruction-set/background.jpg]
[pds.twi.tudelft.nl/vakken/in101/labcourse/instruction-set/index.html]
[pds.twi.tudelft.nl/vakken/in101/labcourse/instruction-set/add.html]
[pds.twi.tudelft.nl/vakken/in101/labcourse/instruction-set/addc.html]
[pds.twi.tudelft.nl/vakken/in101/labcourse/instruction-set/adde.html]
[pds.twi.tudelft.nl/vakken/in101/labcourse/instruction-set/addi.html]
[pds.twi.tudelft.nl/vakken/in101/labcourse/instruction-set/addic.html]
[pds.twi.tudelft.nl/vakken/in101/labcourse/instruction-set/addic-dot.html]
[pds.twi.tudelft.nl/vakken/in101/labcourse/instruction-set/addis.html]
[pds.twi.tudelft.nl/vakken/in101/labcourse/instruction-set/addme.html]
[pds.twi.tudelft.nl/vakken/in101/labcourse/instruction-set/addze.html]
[pds.twi.tudelft.nl/vakken/in101/labcourse/instruction-set/and.html]
[pds.twi.tudelft.nl/vakken/in101/labcourse/instruction-set/andc.html]
[pds.twi.tudelft.nl/vakken/in101/labcourse/instruction-set/andi-dot.html]
[pds.twi.tudelft.nl/vakken/in101/labcourse/instruction-set/andis-dot.html]
[pds.twi.tudelft.nl/vakken/in101/labcourse/instruction-set/b.html]
[pds.twi.tudelft.nl/vakken/in101/labcourse/instruction-set/bc.html]
[pds.twi.tudelft.nl/vakken/in101/labcourse/instruction-set/bcctr.html]
[pds.twi.tudelft.nl/vakken/in101/labcourse/instruction-set/bclr.html]
[pds.twi.tudelft.nl/vakken/in101/labcourse/instruction-set/cmp.html]
[pds.twi.tudelft.nl/vakken/in101/labcourse/instruction-set/cmpi.html]
[pds.twi.tudelft.nl/vakken/in101/labcourse/instruction-set/cmpl.html]
[pds.twi.tudelft.nl/vakken/in101/labcourse/instruction-set/cmpli.html]
[pds.twi.tudelft.nl/vakken/in101/labcourse/instruction-set/cntlzw.html]
[pds.twi.tudelft.nl/vakken/in101/labcourse/instruction-set/crand.html]
[pds.twi.tudelft.nl/vakken/in101/labcourse/instruction-set/crandc.html]
[pds.twi.tudelft.nl/vakken/in101/labcourse/instruction-set/creqv.html]
[pds.twi.tudelft.nl/vakken/in101/labcourse/instruction-set/crnand.html]
[pds.twi.tudelft.nl/vakken/in101/labcourse/instruction-set/crnor.html]
[pds.twi.tudelft.nl/vakken/in101/labcourse/instruction-set/cror.html]
[pds.twi.tudelft.nl/vakken/in101/labcourse/instruction-set/crorc.html]
[pds.twi.tudelft.nl/vakken/in101/labcourse/instruction-set/crxor.html]
[pds.twi.tudelft.nl/vakken/in101/labcourse/instruction-set/divw.html]
[pds.twi.tudelft.nl/vakken/in101/labcourse/instruction-set/divwu.html]
[pds.twi.tudelft.nl/vakken/in101/labcourse/instruction-set/eqv.html]
[pds.twi.tudelft.nl/vakken/in101/labcourse/instruction-set/extsb.html]
[pds.twi.tudelft.nl/vakken/in101/labcourse/instruction-set/extsh.html]
[pds.twi.tudelft.nl/vakken/in101/labcourse/instruction-set/lbz.html]
[pds.twi.tudelft.nl/vakken/in101/labcourse/instruction-set/lbzu.html]
[pds.twi.tudelft.nl/vakken/in101/labcourse/instruction-set/lbzux.html]
[pds.twi.tudelft.nl/vakken/in101/labcourse/instruction-set/lbzx.html]
[pds.twi.tudelft.nl/vakken/in101/labcourse/instruction-set/lha.html]
[pds.twi.tudelft.nl/vakken/in101/labcourse/instruction-set/lhau.html]
[pds.twi.tudelft.nl/vakken/in101/labcourse/instruction-set/lhaux.html]
[pds.twi.tudelft.nl/vakken/in101/labcourse/instruction-set/lhax.html]
[pds.twi.tudelft.nl/vakken/in101/labcourse/instruction-set/lhbrx.html]
[pds.twi.tudelft.nl/vakken/in101/labcourse/instruction-set/lhz.html]
[pds.twi.tudelft.nl/vakken/in101/labcourse/instruction-set/lhzu.html]
[pds.twi.tudelft.nl/vakken/in101/labcourse/instruction-set/lhzux.html]
[pds.twi.tudelft.nl/vakken/in101/labcourse/instruction-set/lhzx.html]
[pds.twi.tudelft.nl/vakken/in101/labcourse/instruction-set/lmw.html]
[pds.twi.tudelft.nl/vakken/in101/labcourse/instruction-set/lswi.html]
[pds.twi.tudelft.nl/vakken/in101/labcourse/instruction-set/lswx.html]
[pds.twi.tudelft.nl/vakken/in101/labcourse/instruction-set/lwbrx.html]
[pds.twi.tudelft.nl/vakken/in101/labcourse/instruction-set/lwz.html]
[pds.twi.tudelft.nl/vakken/in101/labcourse/instruction-set/lwzu.html]
[pds.twi.tudelft.nl/vakken/in101/labcourse/instruction-set/lwzux.html]
[pds.twi.tudelft.nl/vakken/in101/labcourse/instruction-set/lwzx.html]
[pds.twi.tudelft.nl/vakken/in101/labcourse/instruction-set/mcrf.html]
[pds.twi.tudelft.nl/vakken/in101/labcourse/instruction-set/mcrxr.html]
[pds.twi.tudelft.nl/vakken/in101/labcourse/instruction-set/mfcr.html]
[pds.twi.tudelft.nl/vakken/in101/labcourse/instruction-set/mfspr.html]
[pds.twi.tudelft.nl/vakken/in101/labcourse/instruction-set/mftb.html]
[pds.twi.tudelft.nl/vakken/in101/labcourse/instruction-set/mtcrf.html]
[pds.twi.tudelft.nl/vakken/in101/labcourse/instruction-set/mtspr.html]
[pds.twi.tudelft.nl/vakken/in101/labcourse/instruction-set/mulhw.html]
[pds.twi.tudelft.nl/vakken/in101/labcourse/instruction-set/mulhwu.html]
[pds.twi.tudelft.nl/vakken/in101/labcourse/instruction-set/mulli.html]
[pds.twi.tudelft.nl/vakken/in101/labcourse/instruction-set/mullw.html]
[pds.twi.tudelft.nl/vakken/in101/labcourse/instruction-set/nand.html]
[pds.twi.tudelft.nl/vakken/in101/labcourse/instruction-set/neg.html]
[pds.twi.tudelft.nl/vakken/in101/labcourse/instruction-set/nor.html]
[pds.twi.tudelft.nl/vakken/in101/labcourse/instruction-set/or.html]
[pds.twi.tudelft.nl/vakken/in101/labcourse/instruction-set/orc.html]
[pds.twi.tudelft.nl/vakken/in101/labcourse/instruction-set/ori.html]
[pds.twi.tudelft.nl/vakken/in101/labcourse/instruction-set/oris.html]
[pds.twi.tudelft.nl/vakken/in101/labcourse/instruction-set/rlwimi.html]
[pds.twi.tudelft.nl/vakken/in101/labcourse/instruction-set/rlwinm.html]
[pds.twi.tudelft.nl/vakken/in101/labcourse/instruction-set/rlwnm.html]
[pds.twi.tudelft.nl/vakken/in101/labcourse/instruction-set/slw.html]
[pds.twi.tudelft.nl/vakken/in101/labcourse/instruction-set/sraw.html]
[pds.twi.tudelft.nl/vakken/in101/labcourse/instruction-set/srawi.html]
[pds.twi.tudelft.nl/vakken/in101/labcourse/instruction-set/srw.html]
[pds.twi.tudelft.nl/vakken/in101/labcourse/instruction-set/stb.html]
[pds.twi.tudelft.nl/vakken/in101/labcourse/instruction-set/stbu.html]
[pds.twi.tudelft.nl/vakken/in101/labcourse/instruction-set/stbux.html]
[pds.twi.tudelft.nl/vakken/in101/labcourse/instruction-set/stbx.html]
[pds.twi.tudelft.nl/vakken/in101/labcourse/instruction-set/sth.html]
[pds.twi.tudelft.nl/vakken/in101/labcourse/instruction-set/sthbrx.html]
[pds.twi.tudelft.nl/vakken/in101/labcourse/instruction-set/sthu.html]
[pds.twi.tudelft.nl/vakken/in101/labcourse/instruction-set/sthux.html]
[pds.twi.tudelft.nl/vakken/in101/labcourse/instruction-set/sthx.html]
[pds.twi.tudelft.nl/vakken/in101/labcourse/instruction-set/stmw.html]
[pds.twi.tudelft.nl/vakken/in101/labcourse/instruction-set/stswi.html]
[pds.twi.tudelft.nl/vakken/in101/labcourse/instruction-set/stswx.html]
[pds.twi.tudelft.nl/vakken/in101/labcourse/instruction-set/stw.html]
[pds.twi.tudelft.nl/vakken/in101/labcourse/instruction-set/stwbrx.html]
[pds.twi.tudelft.nl/vakken/in101/labcourse/instruction-set/stwu.html]
[pds.twi.tudelft.nl/vakken/in101/labcourse/instruction-set/stwux.html]
[pds.twi.tudelft.nl/vakken/in101/labcourse/instruction-set/stwx.html]
[pds.twi.tudelft.nl/vakken/in101/labcourse/instruction-set/subf.html]
[pds.twi.tudelft.nl/vakken/in101/labcourse/instruction-set/subfc.html]
[pds.twi.tudelft.nl/vakken/in101/labcourse/instruction-set/subfe.html]
[pds.twi.tudelft.nl/vakken/in101/labcourse/instruction-set/subfic.html]
[pds.twi.tudelft.nl/vakken/in101/labcourse/instruction-set/subfme.html]
[pds.twi.tudelft.nl/vakken/in101/labcourse/instruction-set/subfze.html]
[pds.twi.tudelft.nl/vakken/in101/labcourse/instruction-set/xor.html]
[pds.twi.tudelft.nl/vakken/in101/labcourse/instruction-set/xori.html]
[pds.twi.tudelft.nl/vakken/in101/labcourse/instruction-set/xoris.html]
